<testsuite errors="0" failures="0" name="Django Project Tests" skips="0" tests="60" time="246.951"><testcase classname="env_health_dashboard.tests.test_alexandria_service.AlexandriaServicesTests" name="test_get_failure_test_result" time="0.000658" /><testcase classname="env_health_dashboard.tests.test_alexandria_service.AlexandriaServicesTests" name="test_get_job_status" time="0.001442" /><testcase classname="env_health_dashboard.tests.test_environment_status.EnvironmentStatusTests" name="test_envrionment_status_down_with_failure_job" time="0.000040" /><testcase classname="env_health_dashboard.tests.test_environment_status.EnvironmentStatusTests" name="test_envrionment_status_down_with_unstable_job" time="0.000031" /><testcase classname="env_health_dashboard.tests.test_environment_status.EnvironmentStatusTests" name="test_envrionment_status_success" time="0.000022" /><testcase classname="env_health_dashboard.tests.test_environment_status.EnvironmentStatusTests" name="test_envrionment_status_unreachable" time="0.000025" /><testcase classname="env_health_dashboard.tests.test_functional.FunctionalTests" name="test_beta_page_changelist_portlet" time="46.869742" /><testcase classname="env_health_dashboard.tests.test_functional.FunctionalTests" name="test_beta_page_deployment_portlet" time="36.658470" /><testcase classname="env_health_dashboard.tests.test_functional.FunctionalTests" name="test_beta_page_jira_portlet" time="14.564518" /><testcase classname="env_health_dashboard.tests.test_functional.FunctionalTests" name="test_beta_page_other_links_portlet" time="2.804646" /><testcase classname="env_health_dashboard.tests.test_functional.FunctionalTests" name="test_beta_page_site_status_portlet" time="2.247041" /><testcase classname="env_health_dashboard.tests.test_functional.FunctionalTests" name="test_brand_page_footer" time="59.004565" /><testcase classname="env_health_dashboard.tests.test_functional.FunctionalTests" name="test_dev_page_changelist_portlet" time="1.482661" /><testcase classname="env_health_dashboard.tests.test_functional.FunctionalTests" name="test_dev_page_deployment_portlet" time="41.372910" /><testcase classname="env_health_dashboard.tests.test_functional.FunctionalTests" name="test_dev_page_jira_portlet" time="1.328351" /><testcase classname="env_health_dashboard.tests.test_functional.FunctionalTests" name="test_dev_page_other_links_portlet" time="1.328160" /><testcase classname="env_health_dashboard.tests.test_functional.FunctionalTests" name="test_dev_page_site_status_portlet" time="1.323900" /><testcase classname="env_health_dashboard.tests.test_functional.FunctionalTests" name="test_env_page_footer" time="1.077898" /><testcase classname="env_health_dashboard.tests.test_functional.FunctionalTests" name="test_foxtrot_page_changelist_portlet" time="1.283758" /><testcase classname="env_health_dashboard.tests.test_functional.FunctionalTests" name="test_foxtrot_page_deployment_portlet" time="1.147244" /><testcase classname="env_health_dashboard.tests.test_functional.FunctionalTests" name="test_foxtrot_page_jira_portlet" time="1.241250" /><testcase classname="env_health_dashboard.tests.test_functional.FunctionalTests" name="test_foxtrot_page_other_links_portlet" time="1.035923" /><testcase classname="env_health_dashboard.tests.test_functional.FunctionalTests" name="test_foxtrot_page_site_status_portlet" time="1.360420" /><testcase classname="env_health_dashboard.tests.test_functional.FunctionalTests" name="test_homepage_is_accessible" time="0.002974" /><testcase classname="env_health_dashboard.tests.test_functional.FunctionalTests" name="test_int_page_changelist_portlet" time="1.125367" /><testcase classname="env_health_dashboard.tests.test_functional.FunctionalTests" name="test_int_page_deployment_portlet" time="1.175065" /><testcase classname="env_health_dashboard.tests.test_functional.FunctionalTests" name="test_int_page_jira_portlet" time="1.225510" /><testcase classname="env_health_dashboard.tests.test_functional.FunctionalTests" name="test_int_page_other_links_portlet" time="1.556541" /><testcase classname="env_health_dashboard.tests.test_functional.FunctionalTests" name="test_int_page_site_status_portlet" time="1.280381" /><testcase classname="env_health_dashboard.tests.test_functional.FunctionalTests" name="test_self_test_page" time="3.135720" /><testcase classname="env_health_dashboard.tests.test_functional.FunctionalTests" name="test_stage_page_deployment_portlet" time="3.365545" /><testcase classname="env_health_dashboard.tests.test_functional.FunctionalTests" name="test_stage_page_jira_portlet" time="3.061740" /><testcase classname="env_health_dashboard.tests.test_functional.FunctionalTests" name="test_stage_page_other_links_portlet" time="3.010512" /><testcase classname="env_health_dashboard.tests.test_functional.FunctionalTests" name="test_stage_page_site_status_portlet" time="3.686493" /><testcase classname="env_health_dashboard.tests.test_jenkins_service.JenkinsServiceTests" name="test_changelist_parameters_os_correct" time="0.290870" /><testcase classname="env_health_dashboard.tests.test_jenkins_service.JenkinsServiceTests" name="test_cron_schedule_grabbed_is_correct" time="0.268558" /><testcase classname="env_health_dashboard.tests.test_jenkins_service.JenkinsServiceTests" name="test_get_last_build_timestamp" time="0.260654" /><testcase classname="env_health_dashboard.tests.test_jenkins_service.JenkinsServiceTests" name="test_next_cron_build_is_correct" time="0.238332" /><testcase classname="env_health_dashboard.tests.test_job_list_status.JobStatusTests" name="test_envrionment_status_down_with_failure_job" time="0.000046" /><testcase classname="env_health_dashboard.tests.test_job_list_status.JobStatusTests" name="test_envrionment_status_down_with_unstable_job" time="0.000028" /><testcase classname="env_health_dashboard.tests.test_job_list_status.JobStatusTests" name="test_envrionment_status_unreachable" time="0.000026" /><testcase classname="env_health_dashboard.tests.test_job_list_status.JobStatusTests" name="test_job_status_success" time="0.000024" /><testcase classname="env_health_dashboard.tests.test_portlet_service.PortletServiceTest" name="test_BrandPortletService" time="0.004880" /><testcase classname="env_health_dashboard.tests.test_portlet_service.PortletServiceTest" name="test_ChangelistPortletService_With_Different_Version" time="0.001230" /><testcase classname="env_health_dashboard.tests.test_portlet_service.PortletServiceTest" name="test_ChangelistPortletService_With_Same_Version" time="0.001191" /><testcase classname="env_health_dashboard.tests.test_portlet_service.PortletServiceTest" name="test_ChangelistPortletService_With_Unknown_Version" time="0.001137" /><testcase classname="env_health_dashboard.tests.test_portlet_service.PortletServiceTest" name="test_EnvStatusPortletService" time="0.001278" /><testcase classname="env_health_dashboard.tests.test_portlet_service.PortletServiceTest" name="test_JobStatusPortletService" time="0.001156" /><testcase classname="env_health_dashboard.tests.test_portlet_service.PortletServiceTest" name="test_LastDeployTimePortletService" time="0.013543" /><testcase classname="env_health_dashboard.tests.test_portlet_service.PortletServiceTest" name="test_QueueStatusPortletService" time="0.000820" /><testcase classname="env_health_dashboard.tests.test_portlet_service.PortletServiceTest" name="test_time_format" time="0.000054" /><testcase classname="env_health_dashboard.tests.test_url_handler_test.UrlHandlerTest" name="test_env_brand_correct" time="0.000318" /><testcase classname="env_health_dashboard.tests.test_url_handler_test.UrlHandlerTest" name="test_env_url_correct" time="0.000123" /><testcase classname="env_health_dashboard.tests.test_url_handler_test.UrlHandlerTest" name="test_env_url_incorrect" time="0.004525" /><testcase classname="env_health_dashboard.tests.test_url_handler_test.UrlHandlerTest" name="test_index_url_correct" time="0.000113" /><testcase classname="env_health_dashboard.tests.test_views.ViewTests" name="test_format_time" time="0.000127" /><testcase classname="env_health_dashboard.tests.test_views.ViewTests" name="test_get_css_class" time="0.000078" /><testcase classname="env_health_dashboard.tests.test_views.ViewTests" name="test_get_next_refresh_time" time="0.000055" /><testcase classname="env_health_dashboard.tests.test_views.ViewTests" name="test_multiprocess" time="1.052181" /><testcase classname="env_health_dashboard.tests.test_views.ViewTests" name="test_multiprocess_with_timeout_error" time="6.023736" /></testsuite>